Please find the Overview Report


       Spec                                              Tests  Passing  Failing  Pending  Skipped  
  ┌────────────────────────────────────────────────────────────────────────────────────────────────┐
  │ ×  Login.feature                            00:15        1        -        1        -        - │
  ├────────────────────────────────────────────────────────────────────────────────────────────────┤
  │ ×  Login\login.js                           503ms        1        -        1        -        - │
  ├────────────────────────────────────────────────────────────────────────────────────────────────┤
  │ √  pageObjects\login.js                       3ms        -        -        -        -        - │
  ├────────────────────────────────────────────────────────────────────────────────────────────────┤
  │ √  QAM\TC01_basics.spec.js                  00:03        1        1        -        -        - │
  └────────────────────────────────────────────────────────────────────────────────────────────────┘
    ×  2 of 4 failed (50%)                      00:20        3        1        2        -        -  

Mail Footer